// Jest Snapshot v1, https://goo.gl/fbAQLP

exports[`Table component matches initial snapshot 1`] = `
<styled.div>
  <table>
    <tbody>
      <tr>
        <th>
          <MenuCol
            add={[Function]}
            index={-1}
          />
          <MenuRow
            add={[Function]}
            index={-1}
          />
          id
        </th>
        <th
          key="0"
        >
          <MenuCol
            add={[Function]}
            index={0}
            remove={[Function]}
          />
          <CellInput
            onChange={[Function]}
            value="col1"
          />
        </th>
        <th
          key="1"
        >
          <MenuCol
            add={[Function]}
            index={1}
            remove={[Function]}
          />
          <CellInput
            onChange={[Function]}
            value="col2"
          />
        </th>
        <th
          key="2"
        >
          <MenuCol
            add={[Function]}
            index={2}
            remove={[Function]}
          />
          <CellInput
            onChange={[Function]}
            value="col3"
          />
        </th>
      </tr>
      <tr
        key="0"
      >
        <th>
          <MenuRow
            add={[Function]}
            index={0}
            remove={[Function]}
          />
          1
        </th>
        <td
          key="0"
        >
          <CellInput
            onChange={[Function]}
            value="a1"
          />
        </td>
        <td
          key="1"
        >
          <CellInput
            onChange={[Function]}
            value="a2"
          />
        </td>
        <td
          key="2"
        >
          <CellInput
            onChange={[Function]}
            value="a3"
          />
        </td>
      </tr>
      <tr
        key="1"
      >
        <th>
          <MenuRow
            add={[Function]}
            index={1}
            remove={[Function]}
          />
          2
        </th>
        <td
          key="0"
        >
          <CellInput
            onChange={[Function]}
            value="b1"
          />
        </td>
        <td
          key="1"
        >
          <CellInput
            onChange={[Function]}
            value="b2"
          />
        </td>
        <td
          key="2"
        >
          <CellInput
            onChange={[Function]}
            value="b3"
          />
        </td>
      </tr>
      <tr
        key="2"
      >
        <th>
          <MenuRow
            add={[Function]}
            index={2}
            remove={[Function]}
          />
          3
        </th>
        <td
          key="0"
        >
          <CellInput
            onChange={[Function]}
            value="c1"
          />
        </td>
        <td
          key="1"
        >
          <CellInput
            onChange={[Function]}
            value="c2"
          />
        </td>
        <td
          key="2"
        >
          <CellInput
            onChange={[Function]}
            value="c3"
          />
        </td>
      </tr>
    </tbody>
  </table>
  <styled.p
    alert={true}
  />
  <styled.p
    alert={true}
  />
  <ExportCSV
    data={
      Object {
        "data": Array [
          Array [
            "a1",
            "a2",
            "a3",
          ],
          Array [
            "b1",
            "b2",
            "b3",
          ],
          Array [
            "c1",
            "c2",
            "c3",
          ],
        ],
        "fields": Array [
          "col1",
          "col2",
          "col3",
        ],
      }
    }
  />
</styled.div>
`;
